C:\Users\iamsa\Documents\ISAB-r\.venv\Lib\site-packages\tabpfn\scripts\transformer_prediction_interface.py:530: FutureWarning: `torch.cuda.amp.autocast(args...)` is deprecated. Please use `torch.amp.autocast('cuda', args...)` instead.
  with torch.cuda.amp.autocast(enabled=fp16_inference):
C:\Users\iamsa\Documents\ISAB-r\.venv\Lib\site-packages\torch\_dynamo\eval_frame.py:632: UserWarning: torch.utils.checkpoint: the use_reentrant parameter should be passed explicitly. In version 2.5 we will raise an exception if use_reentrant is not passed. use_reentrant=False is recommended, but if you need to preserve the current default behavior, you can pass use_reentrant=True. Refer to docs for more details on the differences between the two variants.
  return fn(*args, **kwargs)
C:\Users\iamsa\Documents\ISAB-r\.venv\Lib\site-packages\tabpfn\scripts\transformer_prediction_interface.py:530: FutureWarning: `torch.cuda.amp.autocast(args...)` is deprecated. Please use `torch.amp.autocast('cuda', args...)` instead.
  with torch.cuda.amp.autocast(enabled=fp16_inference):
C:\Users\iamsa\Documents\ISAB-r\.venv\Lib\site-packages\torch\_dynamo\eval_frame.py:632: UserWarning: torch.utils.checkpoint: the use_reentrant parameter should be passed explicitly. In version 2.5 we will raise an exception if use_reentrant is not passed. use_reentrant=False is recommended, but if you need to preserve the current default behavior, you can pass use_reentrant=True. Refer to docs for more details on the differences between the two variants.
  return fn(*args, **kwargs)
C:\Users\iamsa\Documents\ISAB-r\.venv\Lib\site-packages\tabpfn\scripts\transformer_prediction_interface.py:530: FutureWarning: `torch.cuda.amp.autocast(args...)` is deprecated. Please use `torch.amp.autocast('cuda', args...)` instead.
  with torch.cuda.amp.autocast(enabled=fp16_inference):
C:\Users\iamsa\Documents\ISAB-r\.venv\Lib\site-packages\torch\_dynamo\eval_frame.py:632: UserWarning: torch.utils.checkpoint: the use_reentrant parameter should be passed explicitly. In version 2.5 we will raise an exception if use_reentrant is not passed. use_reentrant=False is recommended, but if you need to preserve the current default behavior, you can pass use_reentrant=True. Refer to docs for more details on the differences between the two variants.
  return fn(*args, **kwargs)
C:\Users\iamsa\Documents\ISAB-r\.venv\Lib\site-packages\tabpfn\scripts\transformer_prediction_interface.py:530: FutureWarning: `torch.cuda.amp.autocast(args...)` is deprecated. Please use `torch.amp.autocast('cuda', args...)` instead.
  with torch.cuda.amp.autocast(enabled=fp16_inference):
C:\Users\iamsa\Documents\ISAB-r\.venv\Lib\site-packages\torch\_dynamo\eval_frame.py:632: UserWarning: torch.utils.checkpoint: the use_reentrant parameter should be passed explicitly. In version 2.5 we will raise an exception if use_reentrant is not passed. use_reentrant=False is recommended, but if you need to preserve the current default behavior, you can pass use_reentrant=True. Refer to docs for more details on the differences between the two variants.
  return fn(*args, **kwargs)
C:\Users\iamsa\Documents\ISAB-r\.venv\Lib\site-packages\tabpfn\scripts\transformer_prediction_interface.py:530: FutureWarning: `torch.cuda.amp.autocast(args...)` is deprecated. Please use `torch.amp.autocast('cuda', args...)` instead.
  with torch.cuda.amp.autocast(enabled=fp16_inference):
C:\Users\iamsa\Documents\ISAB-r\.venv\Lib\site-packages\torch\_dynamo\eval_frame.py:632: UserWarning: torch.utils.checkpoint: the use_reentrant parameter should be passed explicitly. In version 2.5 we will raise an exception if use_reentrant is not passed. use_reentrant=False is recommended, but if you need to preserve the current default behavior, you can pass use_reentrant=True. Refer to docs for more details on the differences between the two variants.
  return fn(*args, **kwargs)
C:\Users\iamsa\Documents\ISAB-r\.venv\Lib\site-packages\tabpfn\scripts\transformer_prediction_interface.py:530: FutureWarning: `torch.cuda.amp.autocast(args...)` is deprecated. Please use `torch.amp.autocast('cuda', args...)` instead.
  with torch.cuda.amp.autocast(enabled=fp16_inference):
C:\Users\iamsa\Documents\ISAB-r\.venv\Lib\site-packages\torch\_dynamo\eval_frame.py:632: UserWarning: torch.utils.checkpoint: the use_reentrant parameter should be passed explicitly. In version 2.5 we will raise an exception if use_reentrant is not passed. use_reentrant=False is recommended, but if you need to preserve the current default behavior, you can pass use_reentrant=True. Refer to docs for more details on the differences between the two variants.
  return fn(*args, **kwargs)
C:\Users\iamsa\Documents\ISAB-r\.venv\Lib\site-packages\tabpfn\scripts\transformer_prediction_interface.py:530: FutureWarning: `torch.cuda.amp.autocast(args...)` is deprecated. Please use `torch.amp.autocast('cuda', args...)` instead.
  with torch.cuda.amp.autocast(enabled=fp16_inference):
C:\Users\iamsa\Documents\ISAB-r\.venv\Lib\site-packages\torch\_dynamo\eval_frame.py:632: UserWarning: torch.utils.checkpoint: the use_reentrant parameter should be passed explicitly. In version 2.5 we will raise an exception if use_reentrant is not passed. use_reentrant=False is recommended, but if you need to preserve the current default behavior, you can pass use_reentrant=True. Refer to docs for more details on the differences between the two variants.
  return fn(*args, **kwargs)
C:\Users\iamsa\Documents\ISAB-r\.venv\Lib\site-packages\tabpfn\scripts\transformer_prediction_interface.py:530: FutureWarning: `torch.cuda.amp.autocast(args...)` is deprecated. Please use `torch.amp.autocast('cuda', args...)` instead.
  with torch.cuda.amp.autocast(enabled=fp16_inference):
C:\Users\iamsa\Documents\ISAB-r\.venv\Lib\site-packages\torch\_dynamo\eval_frame.py:632: UserWarning: torch.utils.checkpoint: the use_reentrant parameter should be passed explicitly. In version 2.5 we will raise an exception if use_reentrant is not passed. use_reentrant=False is recommended, but if you need to preserve the current default behavior, you can pass use_reentrant=True. Refer to docs for more details on the differences between the two variants.
  return fn(*args, **kwargs)
C:\Users\iamsa\Documents\ISAB-r\.venv\Lib\site-packages\tabpfn\scripts\transformer_prediction_interface.py:530: FutureWarning: `torch.cuda.amp.autocast(args...)` is deprecated. Please use `torch.amp.autocast('cuda', args...)` instead.
  with torch.cuda.amp.autocast(enabled=fp16_inference):
C:\Users\iamsa\Documents\ISAB-r\.venv\Lib\site-packages\torch\_dynamo\eval_frame.py:632: UserWarning: torch.utils.checkpoint: the use_reentrant parameter should be passed explicitly. In version 2.5 we will raise an exception if use_reentrant is not passed. use_reentrant=False is recommended, but if you need to preserve the current default behavior, you can pass use_reentrant=True. Refer to docs for more details on the differences between the two variants.
  return fn(*args, **kwargs)
C:\Users\iamsa\Documents\ISAB-r\.venv\Lib\site-packages\tabpfn\scripts\transformer_prediction_interface.py:530: FutureWarning: `torch.cuda.amp.autocast(args...)` is deprecated. Please use `torch.amp.autocast('cuda', args...)` instead.
  with torch.cuda.amp.autocast(enabled=fp16_inference):
C:\Users\iamsa\Documents\ISAB-r\.venv\Lib\site-packages\torch\_dynamo\eval_frame.py:632: UserWarning: torch.utils.checkpoint: the use_reentrant parameter should be passed explicitly. In version 2.5 we will raise an exception if use_reentrant is not passed. use_reentrant=False is recommended, but if you need to preserve the current default behavior, you can pass use_reentrant=True. Refer to docs for more details on the differences between the two variants.
  return fn(*args, **kwargs)
C:\Users\iamsa\Documents\ISAB-r\.venv\Lib\site-packages\tabpfn\scripts\transformer_prediction_interface.py:530: FutureWarning: `torch.cuda.amp.autocast(args...)` is deprecated. Please use `torch.amp.autocast('cuda', args...)` instead.
  with torch.cuda.amp.autocast(enabled=fp16_inference):
C:\Users\iamsa\Documents\ISAB-r\.venv\Lib\site-packages\torch\_dynamo\eval_frame.py:632: UserWarning: torch.utils.checkpoint: the use_reentrant parameter should be passed explicitly. In version 2.5 we will raise an exception if use_reentrant is not passed. use_reentrant=False is recommended, but if you need to preserve the current default behavior, you can pass use_reentrant=True. Refer to docs for more details on the differences between the two variants.
  return fn(*args, **kwargs)
C:\Users\iamsa\Documents\ISAB-r\.venv\Lib\site-packages\tabpfn\scripts\transformer_prediction_interface.py:530: FutureWarning: `torch.cuda.amp.autocast(args...)` is deprecated. Please use `torch.amp.autocast('cuda', args...)` instead.
  with torch.cuda.amp.autocast(enabled=fp16_inference):
C:\Users\iamsa\Documents\ISAB-r\.venv\Lib\site-packages\torch\_dynamo\eval_frame.py:632: UserWarning: torch.utils.checkpoint: the use_reentrant parameter should be passed explicitly. In version 2.5 we will raise an exception if use_reentrant is not passed. use_reentrant=False is recommended, but if you need to preserve the current default behavior, you can pass use_reentrant=True. Refer to docs for more details on the differences between the two variants.
  return fn(*args, **kwargs)
C:\Users\iamsa\Documents\ISAB-r\.venv\Lib\site-packages\tabpfn\scripts\transformer_prediction_interface.py:530: FutureWarning: `torch.cuda.amp.autocast(args...)` is deprecated. Please use `torch.amp.autocast('cuda', args...)` instead.
  with torch.cuda.amp.autocast(enabled=fp16_inference):
C:\Users\iamsa\Documents\ISAB-r\.venv\Lib\site-packages\torch\_dynamo\eval_frame.py:632: UserWarning: torch.utils.checkpoint: the use_reentrant parameter should be passed explicitly. In version 2.5 we will raise an exception if use_reentrant is not passed. use_reentrant=False is recommended, but if you need to preserve the current default behavior, you can pass use_reentrant=True. Refer to docs for more details on the differences between the two variants.
  return fn(*args, **kwargs)
spambase 1 N 3000 det 0.0 exact-vs-vanilla maxdiff [8.58306884765625e-06]
C:\Users\iamsa\Documents\ISAB-r\.venv\Lib\site-packages\tabpfn\scripts\transformer_prediction_interface.py:530: FutureWarning: `torch.cuda.amp.autocast(args...)` is deprecated. Please use `torch.amp.autocast('cuda', args...)` instead.
  with torch.cuda.amp.autocast(enabled=fp16_inference):
C:\Users\iamsa\Documents\ISAB-r\.venv\Lib\site-packages\torch\_dynamo\eval_frame.py:632: UserWarning: torch.utils.checkpoint: the use_reentrant parameter should be passed explicitly. In version 2.5 we will raise an exception if use_reentrant is not passed. use_reentrant=False is recommended, but if you need to preserve the current default behavior, you can pass use_reentrant=True. Refer to docs for more details on the differences between the two variants.
  return fn(*args, **kwargs)
C:\Users\iamsa\Documents\ISAB-r\.venv\Lib\site-packages\tabpfn\scripts\transformer_prediction_interface.py:530: FutureWarning: `torch.cuda.amp.autocast(args...)` is deprecated. Please use `torch.amp.autocast('cuda', args...)` instead.
  with torch.cuda.amp.autocast(enabled=fp16_inference):
C:\Users\iamsa\Documents\ISAB-r\.venv\Lib\site-packages\torch\_dynamo\eval_frame.py:632: UserWarning: torch.utils.checkpoint: the use_reentrant parameter should be passed explicitly. In version 2.5 we will raise an exception if use_reentrant is not passed. use_reentrant=False is recommended, but if you need to preserve the current default behavior, you can pass use_reentrant=True. Refer to docs for more details on the differences between the two variants.
  return fn(*args, **kwargs)
C:\Users\iamsa\Documents\ISAB-r\.venv\Lib\site-packages\tabpfn\scripts\transformer_prediction_interface.py:530: FutureWarning: `torch.cuda.amp.autocast(args...)` is deprecated. Please use `torch.amp.autocast('cuda', args...)` instead.
  with torch.cuda.amp.autocast(enabled=fp16_inference):
C:\Users\iamsa\Documents\ISAB-r\.venv\Lib\site-packages\torch\_dynamo\eval_frame.py:632: UserWarning: torch.utils.checkpoint: the use_reentrant parameter should be passed explicitly. In version 2.5 we will raise an exception if use_reentrant is not passed. use_reentrant=False is recommended, but if you need to preserve the current default behavior, you can pass use_reentrant=True. Refer to docs for more details on the differences between the two variants.
  return fn(*args, **kwargs)
C:\Users\iamsa\Documents\ISAB-r\.venv\Lib\site-packages\tabpfn\scripts\transformer_prediction_interface.py:530: FutureWarning: `torch.cuda.amp.autocast(args...)` is deprecated. Please use `torch.amp.autocast('cuda', args...)` instead.
  with torch.cuda.amp.autocast(enabled=fp16_inference):
C:\Users\iamsa\Documents\ISAB-r\.venv\Lib\site-packages\torch\_dynamo\eval_frame.py:632: UserWarning: torch.utils.checkpoint: the use_reentrant parameter should be passed explicitly. In version 2.5 we will raise an exception if use_reentrant is not passed. use_reentrant=False is recommended, but if you need to preserve the current default behavior, you can pass use_reentrant=True. Refer to docs for more details on the differences between the two variants.
  return fn(*args, **kwargs)
C:\Users\iamsa\Documents\ISAB-r\.venv\Lib\site-packages\tabpfn\scripts\transformer_prediction_interface.py:530: FutureWarning: `torch.cuda.amp.autocast(args...)` is deprecated. Please use `torch.amp.autocast('cuda', args...)` instead.
  with torch.cuda.amp.autocast(enabled=fp16_inference):
C:\Users\iamsa\Documents\ISAB-r\.venv\Lib\site-packages\torch\_dynamo\eval_frame.py:632: UserWarning: torch.utils.checkpoint: the use_reentrant parameter should be passed explicitly. In version 2.5 we will raise an exception if use_reentrant is not passed. use_reentrant=False is recommended, but if you need to preserve the current default behavior, you can pass use_reentrant=True. Refer to docs for more details on the differences between the two variants.
  return fn(*args, **kwargs)
C:\Users\iamsa\Documents\ISAB-r\.venv\Lib\site-packages\tabpfn\scripts\transformer_prediction_interface.py:530: FutureWarning: `torch.cuda.amp.autocast(args...)` is deprecated. Please use `torch.amp.autocast('cuda', args...)` instead.
  with torch.cuda.amp.autocast(enabled=fp16_inference):
C:\Users\iamsa\Documents\ISAB-r\.venv\Lib\site-packages\torch\_dynamo\eval_frame.py:632: UserWarning: torch.utils.checkpoint: the use_reentrant parameter should be passed explicitly. In version 2.5 we will raise an exception if use_reentrant is not passed. use_reentrant=False is recommended, but if you need to preserve the current default behavior, you can pass use_reentrant=True. Refer to docs for more details on the differences between the two variants.
  return fn(*args, **kwargs)
C:\Users\iamsa\Documents\ISAB-r\.venv\Lib\site-packages\tabpfn\scripts\transformer_prediction_interface.py:530: FutureWarning: `torch.cuda.amp.autocast(args...)` is deprecated. Please use `torch.amp.autocast('cuda', args...)` instead.
  with torch.cuda.amp.autocast(enabled=fp16_inference):
C:\Users\iamsa\Documents\ISAB-r\.venv\Lib\site-packages\torch\_dynamo\eval_frame.py:632: UserWarning: torch.utils.checkpoint: the use_reentrant parameter should be passed explicitly. In version 2.5 we will raise an exception if use_reentrant is not passed. use_reentrant=False is recommended, but if you need to preserve the current default behavior, you can pass use_reentrant=True. Refer to docs for more details on the differences between the two variants.
  return fn(*args, **kwargs)
C:\Users\iamsa\Documents\ISAB-r\.venv\Lib\site-packages\tabpfn\scripts\transformer_prediction_interface.py:530: FutureWarning: `torch.cuda.amp.autocast(args...)` is deprecated. Please use `torch.amp.autocast('cuda', args...)` instead.
  with torch.cuda.amp.autocast(enabled=fp16_inference):
C:\Users\iamsa\Documents\ISAB-r\.venv\Lib\site-packages\torch\_dynamo\eval_frame.py:632: UserWarning: torch.utils.checkpoint: the use_reentrant parameter should be passed explicitly. In version 2.5 we will raise an exception if use_reentrant is not passed. use_reentrant=False is recommended, but if you need to preserve the current default behavior, you can pass use_reentrant=True. Refer to docs for more details on the differences between the two variants.
  return fn(*args, **kwargs)
C:\Users\iamsa\Documents\ISAB-r\.venv\Lib\site-packages\tabpfn\scripts\transformer_prediction_interface.py:530: FutureWarning: `torch.cuda.amp.autocast(args...)` is deprecated. Please use `torch.amp.autocast('cuda', args...)` instead.
  with torch.cuda.amp.autocast(enabled=fp16_inference):
C:\Users\iamsa\Documents\ISAB-r\.venv\Lib\site-packages\torch\_dynamo\eval_frame.py:632: UserWarning: torch.utils.checkpoint: the use_reentrant parameter should be passed explicitly. In version 2.5 we will raise an exception if use_reentrant is not passed. use_reentrant=False is recommended, but if you need to preserve the current default behavior, you can pass use_reentrant=True. Refer to docs for more details on the differences between the two variants.
  return fn(*args, **kwargs)
C:\Users\iamsa\Documents\ISAB-r\.venv\Lib\site-packages\tabpfn\scripts\transformer_prediction_interface.py:530: FutureWarning: `torch.cuda.amp.autocast(args...)` is deprecated. Please use `torch.amp.autocast('cuda', args...)` instead.
  with torch.cuda.amp.autocast(enabled=fp16_inference):
C:\Users\iamsa\Documents\ISAB-r\.venv\Lib\site-packages\torch\_dynamo\eval_frame.py:632: UserWarning: torch.utils.checkpoint: the use_reentrant parameter should be passed explicitly. In version 2.5 we will raise an exception if use_reentrant is not passed. use_reentrant=False is recommended, but if you need to preserve the current default behavior, you can pass use_reentrant=True. Refer to docs for more details on the differences between the two variants.
  return fn(*args, **kwargs)
C:\Users\iamsa\Documents\ISAB-r\.venv\Lib\site-packages\tabpfn\scripts\transformer_prediction_interface.py:530: FutureWarning: `torch.cuda.amp.autocast(args...)` is deprecated. Please use `torch.amp.autocast('cuda', args...)` instead.
  with torch.cuda.amp.autocast(enabled=fp16_inference):
C:\Users\iamsa\Documents\ISAB-r\.venv\Lib\site-packages\torch\_dynamo\eval_frame.py:632: UserWarning: torch.utils.checkpoint: the use_reentrant parameter should be passed explicitly. In version 2.5 we will raise an exception if use_reentrant is not passed. use_reentrant=False is recommended, but if you need to preserve the current default behavior, you can pass use_reentrant=True. Refer to docs for more details on the differences between the two variants.
  return fn(*args, **kwargs)
C:\Users\iamsa\Documents\ISAB-r\.venv\Lib\site-packages\tabpfn\scripts\transformer_prediction_interface.py:530: FutureWarning: `torch.cuda.amp.autocast(args...)` is deprecated. Please use `torch.amp.autocast('cuda', args...)` instead.
  with torch.cuda.amp.autocast(enabled=fp16_inference):
C:\Users\iamsa\Documents\ISAB-r\.venv\Lib\site-packages\torch\_dynamo\eval_frame.py:632: UserWarning: torch.utils.checkpoint: the use_reentrant parameter should be passed explicitly. In version 2.5 we will raise an exception if use_reentrant is not passed. use_reentrant=False is recommended, but if you need to preserve the current default behavior, you can pass use_reentrant=True. Refer to docs for more details on the differences between the two variants.
  return fn(*args, **kwargs)
C:\Users\iamsa\Documents\ISAB-r\.venv\Lib\site-packages\tabpfn\scripts\transformer_prediction_interface.py:530: FutureWarning: `torch.cuda.amp.autocast(args...)` is deprecated. Please use `torch.amp.autocast('cuda', args...)` instead.
  with torch.cuda.amp.autocast(enabled=fp16_inference):
C:\Users\iamsa\Documents\ISAB-r\.venv\Lib\site-packages\torch\_dynamo\eval_frame.py:632: UserWarning: torch.utils.checkpoint: the use_reentrant parameter should be passed explicitly. In version 2.5 we will raise an exception if use_reentrant is not passed. use_reentrant=False is recommended, but if you need to preserve the current default behavior, you can pass use_reentrant=True. Refer to docs for more details on the differences between the two variants.
  return fn(*args, **kwargs)
satimage 0 N 3000 det 0.0 exact-vs-vanilla maxdiff [2.2649765014648438e-06]
C:\Users\iamsa\Documents\ISAB-r\.venv\Lib\site-packages\tabpfn\scripts\transformer_prediction_interface.py:530: FutureWarning: `torch.cuda.amp.autocast(args...)` is deprecated. Please use `torch.amp.autocast('cuda', args...)` instead.
  with torch.cuda.amp.autocast(enabled=fp16_inference):
C:\Users\iamsa\Documents\ISAB-r\.venv\Lib\site-packages\torch\_dynamo\eval_frame.py:632: UserWarning: torch.utils.checkpoint: the use_reentrant parameter should be passed explicitly. In version 2.5 we will raise an exception if use_reentrant is not passed. use_reentrant=False is recommended, but if you need to preserve the current default behavior, you can pass use_reentrant=True. Refer to docs for more details on the differences between the two variants.
  return fn(*args, **kwargs)
C:\Users\iamsa\Documents\ISAB-r\.venv\Lib\site-packages\tabpfn\scripts\transformer_prediction_interface.py:530: FutureWarning: `torch.cuda.amp.autocast(args...)` is deprecated. Please use `torch.amp.autocast('cuda', args...)` instead.
  with torch.cuda.amp.autocast(enabled=fp16_inference):
C:\Users\iamsa\Documents\ISAB-r\.venv\Lib\site-packages\torch\_dynamo\eval_frame.py:632: UserWarning: torch.utils.checkpoint: the use_reentrant parameter should be passed explicitly. In version 2.5 we will raise an exception if use_reentrant is not passed. use_reentrant=False is recommended, but if you need to preserve the current default behavior, you can pass use_reentrant=True. Refer to docs for more details on the differences between the two variants.
  return fn(*args, **kwargs)
C:\Users\iamsa\Documents\ISAB-r\.venv\Lib\site-packages\tabpfn\scripts\transformer_prediction_interface.py:530: FutureWarning: `torch.cuda.amp.autocast(args...)` is deprecated. Please use `torch.amp.autocast('cuda', args...)` instead.
  with torch.cuda.amp.autocast(enabled=fp16_inference):
C:\Users\iamsa\Documents\ISAB-r\.venv\Lib\site-packages\torch\_dynamo\eval_frame.py:632: UserWarning: torch.utils.checkpoint: the use_reentrant parameter should be passed explicitly. In version 2.5 we will raise an exception if use_reentrant is not passed. use_reentrant=False is recommended, but if you need to preserve the current default behavior, you can pass use_reentrant=True. Refer to docs for more details on the differences between the two variants.
  return fn(*args, **kwargs)
C:\Users\iamsa\Documents\ISAB-r\.venv\Lib\site-packages\tabpfn\scripts\transformer_prediction_interface.py:530: FutureWarning: `torch.cuda.amp.autocast(args...)` is deprecated. Please use `torch.amp.autocast('cuda', args...)` instead.
  with torch.cuda.amp.autocast(enabled=fp16_inference):
C:\Users\iamsa\Documents\ISAB-r\.venv\Lib\site-packages\torch\_dynamo\eval_frame.py:632: UserWarning: torch.utils.checkpoint: the use_reentrant parameter should be passed explicitly. In version 2.5 we will raise an exception if use_reentrant is not passed. use_reentrant=False is recommended, but if you need to preserve the current default behavior, you can pass use_reentrant=True. Refer to docs for more details on the differences between the two variants.
  return fn(*args, **kwargs)
C:\Users\iamsa\Documents\ISAB-r\.venv\Lib\site-packages\tabpfn\scripts\transformer_prediction_interface.py:530: FutureWarning: `torch.cuda.amp.autocast(args...)` is deprecated. Please use `torch.amp.autocast('cuda', args...)` instead.
  with torch.cuda.amp.autocast(enabled=fp16_inference):
C:\Users\iamsa\Documents\ISAB-r\.venv\Lib\site-packages\torch\_dynamo\eval_frame.py:632: UserWarning: torch.utils.checkpoint: the use_reentrant parameter should be passed explicitly. In version 2.5 we will raise an exception if use_reentrant is not passed. use_reentrant=False is recommended, but if you need to preserve the current default behavior, you can pass use_reentrant=True. Refer to docs for more details on the differences between the two variants.
  return fn(*args, **kwargs)
C:\Users\iamsa\Documents\ISAB-r\.venv\Lib\site-packages\tabpfn\scripts\transformer_prediction_interface.py:530: FutureWarning: `torch.cuda.amp.autocast(args...)` is deprecated. Please use `torch.amp.autocast('cuda', args...)` instead.
  with torch.cuda.amp.autocast(enabled=fp16_inference):
C:\Users\iamsa\Documents\ISAB-r\.venv\Lib\site-packages\torch\_dynamo\eval_frame.py:632: UserWarning: torch.utils.checkpoint: the use_reentrant parameter should be passed explicitly. In version 2.5 we will raise an exception if use_reentrant is not passed. use_reentrant=False is recommended, but if you need to preserve the current default behavior, you can pass use_reentrant=True. Refer to docs for more details on the differences between the two variants.
  return fn(*args, **kwargs)
C:\Users\iamsa\Documents\ISAB-r\.venv\Lib\site-packages\tabpfn\scripts\transformer_prediction_interface.py:530: FutureWarning: `torch.cuda.amp.autocast(args...)` is deprecated. Please use `torch.amp.autocast('cuda', args...)` instead.
  with torch.cuda.amp.autocast(enabled=fp16_inference):
C:\Users\iamsa\Documents\ISAB-r\.venv\Lib\site-packages\torch\_dynamo\eval_frame.py:632: UserWarning: torch.utils.checkpoint: the use_reentrant parameter should be passed explicitly. In version 2.5 we will raise an exception if use_reentrant is not passed. use_reentrant=False is recommended, but if you need to preserve the current default behavior, you can pass use_reentrant=True. Refer to docs for more details on the differences between the two variants.
  return fn(*args, **kwargs)
C:\Users\iamsa\Documents\ISAB-r\.venv\Lib\site-packages\tabpfn\scripts\transformer_prediction_interface.py:530: FutureWarning: `torch.cuda.amp.autocast(args...)` is deprecated. Please use `torch.amp.autocast('cuda', args...)` instead.
  with torch.cuda.amp.autocast(enabled=fp16_inference):
C:\Users\iamsa\Documents\ISAB-r\.venv\Lib\site-packages\torch\_dynamo\eval_frame.py:632: UserWarning: torch.utils.checkpoint: the use_reentrant parameter should be passed explicitly. In version 2.5 we will raise an exception if use_reentrant is not passed. use_reentrant=False is recommended, but if you need to preserve the current default behavior, you can pass use_reentrant=True. Refer to docs for more details on the differences between the two variants.
  return fn(*args, **kwargs)
C:\Users\iamsa\Documents\ISAB-r\.venv\Lib\site-packages\tabpfn\scripts\transformer_prediction_interface.py:530: FutureWarning: `torch.cuda.amp.autocast(args...)` is deprecated. Please use `torch.amp.autocast('cuda', args...)` instead.
  with torch.cuda.amp.autocast(enabled=fp16_inference):
C:\Users\iamsa\Documents\ISAB-r\.venv\Lib\site-packages\torch\_dynamo\eval_frame.py:632: UserWarning: torch.utils.checkpoint: the use_reentrant parameter should be passed explicitly. In version 2.5 we will raise an exception if use_reentrant is not passed. use_reentrant=False is recommended, but if you need to preserve the current default behavior, you can pass use_reentrant=True. Refer to docs for more details on the differences between the two variants.
  return fn(*args, **kwargs)
C:\Users\iamsa\Documents\ISAB-r\.venv\Lib\site-packages\tabpfn\scripts\transformer_prediction_interface.py:530: FutureWarning: `torch.cuda.amp.autocast(args...)` is deprecated. Please use `torch.amp.autocast('cuda', args...)` instead.
  with torch.cuda.amp.autocast(enabled=fp16_inference):
C:\Users\iamsa\Documents\ISAB-r\.venv\Lib\site-packages\torch\_dynamo\eval_frame.py:632: UserWarning: torch.utils.checkpoint: the use_reentrant parameter should be passed explicitly. In version 2.5 we will raise an exception if use_reentrant is not passed. use_reentrant=False is recommended, but if you need to preserve the current default behavior, you can pass use_reentrant=True. Refer to docs for more details on the differences between the two variants.
  return fn(*args, **kwargs)
C:\Users\iamsa\Documents\ISAB-r\.venv\Lib\site-packages\tabpfn\scripts\transformer_prediction_interface.py:530: FutureWarning: `torch.cuda.amp.autocast(args...)` is deprecated. Please use `torch.amp.autocast('cuda', args...)` instead.
  with torch.cuda.amp.autocast(enabled=fp16_inference):
C:\Users\iamsa\Documents\ISAB-r\.venv\Lib\site-packages\torch\_dynamo\eval_frame.py:632: UserWarning: torch.utils.checkpoint: the use_reentrant parameter should be passed explicitly. In version 2.5 we will raise an exception if use_reentrant is not passed. use_reentrant=False is recommended, but if you need to preserve the current default behavior, you can pass use_reentrant=True. Refer to docs for more details on the differences between the two variants.
  return fn(*args, **kwargs)
C:\Users\iamsa\Documents\ISAB-r\.venv\Lib\site-packages\tabpfn\scripts\transformer_prediction_interface.py:530: FutureWarning: `torch.cuda.amp.autocast(args...)` is deprecated. Please use `torch.amp.autocast('cuda', args...)` instead.
  with torch.cuda.amp.autocast(enabled=fp16_inference):
C:\Users\iamsa\Documents\ISAB-r\.venv\Lib\site-packages\torch\_dynamo\eval_frame.py:632: UserWarning: torch.utils.checkpoint: the use_reentrant parameter should be passed explicitly. In version 2.5 we will raise an exception if use_reentrant is not passed. use_reentrant=False is recommended, but if you need to preserve the current default behavior, you can pass use_reentrant=True. Refer to docs for more details on the differences between the two variants.
  return fn(*args, **kwargs)
C:\Users\iamsa\Documents\ISAB-r\.venv\Lib\site-packages\tabpfn\scripts\transformer_prediction_interface.py:530: FutureWarning: `torch.cuda.amp.autocast(args...)` is deprecated. Please use `torch.amp.autocast('cuda', args...)` instead.
  with torch.cuda.amp.autocast(enabled=fp16_inference):
C:\Users\iamsa\Documents\ISAB-r\.venv\Lib\site-packages\torch\_dynamo\eval_frame.py:632: UserWarning: torch.utils.checkpoint: the use_reentrant parameter should be passed explicitly. In version 2.5 we will raise an exception if use_reentrant is not passed. use_reentrant=False is recommended, but if you need to preserve the current default behavior, you can pass use_reentrant=True. Refer to docs for more details on the differences between the two variants.
  return fn(*args, **kwargs)
satimage 1 N 3000 det 0.0 exact-vs-vanilla maxdiff [2.1457672119140625e-06]
C:\Users\iamsa\Documents\ISAB-r\.venv\Lib\site-packages\tabpfn\scripts\transformer_prediction_interface.py:530: FutureWarning: `torch.cuda.amp.autocast(args...)` is deprecated. Please use `torch.amp.autocast('cuda', args...)` instead.
  with torch.cuda.amp.autocast(enabled=fp16_inference):
C:\Users\iamsa\Documents\ISAB-r\.venv\Lib\site-packages\torch\_dynamo\eval_frame.py:632: UserWarning: torch.utils.checkpoint: the use_reentrant parameter should be passed explicitly. In version 2.5 we will raise an exception if use_reentrant is not passed. use_reentrant=False is recommended, but if you need to preserve the current default behavior, you can pass use_reentrant=True. Refer to docs for more details on the differences between the two variants.
  return fn(*args, **kwargs)
C:\Users\iamsa\Documents\ISAB-r\.venv\Lib\site-packages\tabpfn\scripts\transformer_prediction_interface.py:530: FutureWarning: `torch.cuda.amp.autocast(args...)` is deprecated. Please use `torch.amp.autocast('cuda', args...)` instead.
  with torch.cuda.amp.autocast(enabled=fp16_inference):
C:\Users\iamsa\Documents\ISAB-r\.venv\Lib\site-packages\torch\_dynamo\eval_frame.py:632: UserWarning: torch.utils.checkpoint: the use_reentrant parameter should be passed explicitly. In version 2.5 we will raise an exception if use_reentrant is not passed. use_reentrant=False is recommended, but if you need to preserve the current default behavior, you can pass use_reentrant=True. Refer to docs for more details on the differences between the two variants.
  return fn(*args, **kwargs)
C:\Users\iamsa\Documents\ISAB-r\.venv\Lib\site-packages\tabpfn\scripts\transformer_prediction_interface.py:530: FutureWarning: `torch.cuda.amp.autocast(args...)` is deprecated. Please use `torch.amp.autocast('cuda', args...)` instead.
  with torch.cuda.amp.autocast(enabled=fp16_inference):
C:\Users\iamsa\Documents\ISAB-r\.venv\Lib\site-packages\torch\_dynamo\eval_frame.py:632: UserWarning: torch.utils.checkpoint: the use_reentrant parameter should be passed explicitly. In version 2.5 we will raise an exception if use_reentrant is not passed. use_reentrant=False is recommended, but if you need to preserve the current default behavior, you can pass use_reentrant=True. Refer to docs for more details on the differences between the two variants.
  return fn(*args, **kwargs)
C:\Users\iamsa\Documents\ISAB-r\.venv\Lib\site-packages\tabpfn\scripts\transformer_prediction_interface.py:530: FutureWarning: `torch.cuda.amp.autocast(args...)` is deprecated. Please use `torch.amp.autocast('cuda', args...)` instead.
  with torch.cuda.amp.autocast(enabled=fp16_inference):
C:\Users\iamsa\Documents\ISAB-r\.venv\Lib\site-packages\torch\_dynamo\eval_frame.py:632: UserWarning: torch.utils.checkpoint: the use_reentrant parameter should be passed explicitly. In version 2.5 we will raise an exception if use_reentrant is not passed. use_reentrant=False is recommended, but if you need to preserve the current default behavior, you can pass use_reentrant=True. Refer to docs for more details on the differences between the two variants.
  return fn(*args, **kwargs)
C:\Users\iamsa\Documents\ISAB-r\.venv\Lib\site-packages\tabpfn\scripts\transformer_prediction_interface.py:530: FutureWarning: `torch.cuda.amp.autocast(args...)` is deprecated. Please use `torch.amp.autocast('cuda', args...)` instead.
  with torch.cuda.amp.autocast(enabled=fp16_inference):
C:\Users\iamsa\Documents\ISAB-r\.venv\Lib\site-packages\torch\_dynamo\eval_frame.py:632: UserWarning: torch.utils.checkpoint: the use_reentrant parameter should be passed explicitly. In version 2.5 we will raise an exception if use_reentrant is not passed. use_reentrant=False is recommended, but if you need to preserve the current default behavior, you can pass use_reentrant=True. Refer to docs for more details on the differences between the two variants.
  return fn(*args, **kwargs)
C:\Users\iamsa\Documents\ISAB-r\.venv\Lib\site-packages\tabpfn\scripts\transformer_prediction_interface.py:530: FutureWarning: `torch.cuda.amp.autocast(args...)` is deprecated. Please use `torch.amp.autocast('cuda', args...)` instead.
  with torch.cuda.amp.autocast(enabled=fp16_inference):
C:\Users\iamsa\Documents\ISAB-r\.venv\Lib\site-packages\torch\_dynamo\eval_frame.py:632: UserWarning: torch.utils.checkpoint: the use_reentrant parameter should be passed explicitly. In version 2.5 we will raise an exception if use_reentrant is not passed. use_reentrant=False is recommended, but if you need to preserve the current default behavior, you can pass use_reentrant=True. Refer to docs for more details on the differences between the two variants.
  return fn(*args, **kwargs)
C:\Users\iamsa\Documents\ISAB-r\.venv\Lib\site-packages\tabpfn\scripts\transformer_prediction_interface.py:530: FutureWarning: `torch.cuda.amp.autocast(args...)` is deprecated. Please use `torch.amp.autocast('cuda', args...)` instead.
  with torch.cuda.amp.autocast(enabled=fp16_inference):
C:\Users\iamsa\Documents\ISAB-r\.venv\Lib\site-packages\torch\_dynamo\eval_frame.py:632: UserWarning: torch.utils.checkpoint: the use_reentrant parameter should be passed explicitly. In version 2.5 we will raise an exception if use_reentrant is not passed. use_reentrant=False is recommended, but if you need to preserve the current default behavior, you can pass use_reentrant=True. Refer to docs for more details on the differences between the two variants.
  return fn(*args, **kwargs)
C:\Users\iamsa\Documents\ISAB-r\.venv\Lib\site-packages\tabpfn\scripts\transformer_prediction_interface.py:530: FutureWarning: `torch.cuda.amp.autocast(args...)` is deprecated. Please use `torch.amp.autocast('cuda', args...)` instead.
  with torch.cuda.amp.autocast(enabled=fp16_inference):
C:\Users\iamsa\Documents\ISAB-r\.venv\Lib\site-packages\torch\_dynamo\eval_frame.py:632: UserWarning: torch.utils.checkpoint: the use_reentrant parameter should be passed explicitly. In version 2.5 we will raise an exception if use_reentrant is not passed. use_reentrant=False is recommended, but if you need to preserve the current default behavior, you can pass use_reentrant=True. Refer to docs for more details on the differences between the two variants.
  return fn(*args, **kwargs)
C:\Users\iamsa\Documents\ISAB-r\.venv\Lib\site-packages\tabpfn\scripts\transformer_prediction_interface.py:530: FutureWarning: `torch.cuda.amp.autocast(args...)` is deprecated. Please use `torch.amp.autocast('cuda', args...)` instead.
  with torch.cuda.amp.autocast(enabled=fp16_inference):
C:\Users\iamsa\Documents\ISAB-r\.venv\Lib\site-packages\torch\_dynamo\eval_frame.py:632: UserWarning: torch.utils.checkpoint: the use_reentrant parameter should be passed explicitly. In version 2.5 we will raise an exception if use_reentrant is not passed. use_reentrant=False is recommended, but if you need to preserve the current default behavior, you can pass use_reentrant=True. Refer to docs for more details on the differences between the two variants.
  return fn(*args, **kwargs)
C:\Users\iamsa\Documents\ISAB-r\.venv\Lib\site-packages\tabpfn\scripts\transformer_prediction_interface.py:530: FutureWarning: `torch.cuda.amp.autocast(args...)` is deprecated. Please use `torch.amp.autocast('cuda', args...)` instead.
  with torch.cuda.amp.autocast(enabled=fp16_inference):
C:\Users\iamsa\Documents\ISAB-r\.venv\Lib\site-packages\torch\_dynamo\eval_frame.py:632: UserWarning: torch.utils.checkpoint: the use_reentrant parameter should be passed explicitly. In version 2.5 we will raise an exception if use_reentrant is not passed. use_reentrant=False is recommended, but if you need to preserve the current default behavior, you can pass use_reentrant=True. Refer to docs for more details on the differences between the two variants.
  return fn(*args, **kwargs)
C:\Users\iamsa\Documents\ISAB-r\.venv\Lib\site-packages\tabpfn\scripts\transformer_prediction_interface.py:530: FutureWarning: `torch.cuda.amp.autocast(args...)` is deprecated. Please use `torch.amp.autocast('cuda', args...)` instead.
  with torch.cuda.amp.autocast(enabled=fp16_inference):
C:\Users\iamsa\Documents\ISAB-r\.venv\Lib\site-packages\torch\_dynamo\eval_frame.py:632: UserWarning: torch.utils.checkpoint: the use_reentrant parameter should be passed explicitly. In version 2.5 we will raise an exception if use_reentrant is not passed. use_reentrant=False is recommended, but if you need to preserve the current default behavior, you can pass use_reentrant=True. Refer to docs for more details on the differences between the two variants.
  return fn(*args, **kwargs)
C:\Users\iamsa\Documents\ISAB-r\.venv\Lib\site-packages\tabpfn\scripts\transformer_prediction_interface.py:530: FutureWarning: `torch.cuda.amp.autocast(args...)` is deprecated. Please use `torch.amp.autocast('cuda', args...)` instead.
  with torch.cuda.amp.autocast(enabled=fp16_inference):
C:\Users\iamsa\Documents\ISAB-r\.venv\Lib\site-packages\torch\_dynamo\eval_frame.py:632: UserWarning: torch.utils.checkpoint: the use_reentrant parameter should be passed explicitly. In version 2.5 we will raise an exception if use_reentrant is not passed. use_reentrant=False is recommended, but if you need to preserve the current default behavior, you can pass use_reentrant=True. Refer to docs for more details on the differences between the two variants.
  return fn(*args, **kwargs)
C:\Users\iamsa\Documents\ISAB-r\.venv\Lib\site-packages\tabpfn\scripts\transformer_prediction_interface.py:530: FutureWarning: `torch.cuda.amp.autocast(args...)` is deprecated. Please use `torch.amp.autocast('cuda', args...)` instead.
  with torch.cuda.amp.autocast(enabled=fp16_inference):
C:\Users\iamsa\Documents\ISAB-r\.venv\Lib\site-packages\torch\_dynamo\eval_frame.py:632: UserWarning: torch.utils.checkpoint: the use_reentrant parameter should be passed explicitly. In version 2.5 we will raise an exception if use_reentrant is not passed. use_reentrant=False is recommended, but if you need to preserve the current default behavior, you can pass use_reentrant=True. Refer to docs for more details on the differences between the two variants.
  return fn(*args, **kwargs)
jm1 0 N 3000 det 0.0 exact-vs-vanilla maxdiff [1.6689300537109375e-06]
C:\Users\iamsa\Documents\ISAB-r\.venv\Lib\site-packages\tabpfn\scripts\transformer_prediction_interface.py:530: FutureWarning: `torch.cuda.amp.autocast(args...)` is deprecated. Please use `torch.amp.autocast('cuda', args...)` instead.
  with torch.cuda.amp.autocast(enabled=fp16_inference):
C:\Users\iamsa\Documents\ISAB-r\.venv\Lib\site-packages\torch\_dynamo\eval_frame.py:632: UserWarning: torch.utils.checkpoint: the use_reentrant parameter should be passed explicitly. In version 2.5 we will raise an exception if use_reentrant is not passed. use_reentrant=False is recommended, but if you need to preserve the current default behavior, you can pass use_reentrant=True. Refer to docs for more details on the differences between the two variants.
  return fn(*args, **kwargs)
C:\Users\iamsa\Documents\ISAB-r\.venv\Lib\site-packages\tabpfn\scripts\transformer_prediction_interface.py:530: FutureWarning: `torch.cuda.amp.autocast(args...)` is deprecated. Please use `torch.amp.autocast('cuda', args...)` instead.
  with torch.cuda.amp.autocast(enabled=fp16_inference):
C:\Users\iamsa\Documents\ISAB-r\.venv\Lib\site-packages\torch\_dynamo\eval_frame.py:632: UserWarning: torch.utils.checkpoint: the use_reentrant parameter should be passed explicitly. In version 2.5 we will raise an exception if use_reentrant is not passed. use_reentrant=False is recommended, but if you need to preserve the current default behavior, you can pass use_reentrant=True. Refer to docs for more details on the differences between the two variants.
  return fn(*args, **kwargs)
C:\Users\iamsa\Documents\ISAB-r\.venv\Lib\site-packages\tabpfn\scripts\transformer_prediction_interface.py:530: FutureWarning: `torch.cuda.amp.autocast(args...)` is deprecated. Please use `torch.amp.autocast('cuda', args...)` instead.
  with torch.cuda.amp.autocast(enabled=fp16_inference):
C:\Users\iamsa\Documents\ISAB-r\.venv\Lib\site-packages\torch\_dynamo\eval_frame.py:632: UserWarning: torch.utils.checkpoint: the use_reentrant parameter should be passed explicitly. In version 2.5 we will raise an exception if use_reentrant is not passed. use_reentrant=False is recommended, but if you need to preserve the current default behavior, you can pass use_reentrant=True. Refer to docs for more details on the differences between the two variants.
  return fn(*args, **kwargs)
C:\Users\iamsa\Documents\ISAB-r\.venv\Lib\site-packages\tabpfn\scripts\transformer_prediction_interface.py:530: FutureWarning: `torch.cuda.amp.autocast(args...)` is deprecated. Please use `torch.amp.autocast('cuda', args...)` instead.
  with torch.cuda.amp.autocast(enabled=fp16_inference):
C:\Users\iamsa\Documents\ISAB-r\.venv\Lib\site-packages\torch\_dynamo\eval_frame.py:632: UserWarning: torch.utils.checkpoint: the use_reentrant parameter should be passed explicitly. In version 2.5 we will raise an exception if use_reentrant is not passed. use_reentrant=False is recommended, but if you need to preserve the current default behavior, you can pass use_reentrant=True. Refer to docs for more details on the differences between the two variants.
  return fn(*args, **kwargs)
C:\Users\iamsa\Documents\ISAB-r\.venv\Lib\site-packages\tabpfn\scripts\transformer_prediction_interface.py:530: FutureWarning: `torch.cuda.amp.autocast(args...)` is deprecated. Please use `torch.amp.autocast('cuda', args...)` instead.
  with torch.cuda.amp.autocast(enabled=fp16_inference):
C:\Users\iamsa\Documents\ISAB-r\.venv\Lib\site-packages\torch\_dynamo\eval_frame.py:632: UserWarning: torch.utils.checkpoint: the use_reentrant parameter should be passed explicitly. In version 2.5 we will raise an exception if use_reentrant is not passed. use_reentrant=False is recommended, but if you need to preserve the current default behavior, you can pass use_reentrant=True. Refer to docs for more details on the differences between the two variants.
  return fn(*args, **kwargs)
C:\Users\iamsa\Documents\ISAB-r\.venv\Lib\site-packages\tabpfn\scripts\transformer_prediction_interface.py:530: FutureWarning: `torch.cuda.amp.autocast(args...)` is deprecated. Please use `torch.amp.autocast('cuda', args...)` instead.
  with torch.cuda.amp.autocast(enabled=fp16_inference):
C:\Users\iamsa\Documents\ISAB-r\.venv\Lib\site-packages\torch\_dynamo\eval_frame.py:632: UserWarning: torch.utils.checkpoint: the use_reentrant parameter should be passed explicitly. In version 2.5 we will raise an exception if use_reentrant is not passed. use_reentrant=False is recommended, but if you need to preserve the current default behavior, you can pass use_reentrant=True. Refer to docs for more details on the differences between the two variants.
  return fn(*args, **kwargs)
C:\Users\iamsa\Documents\ISAB-r\.venv\Lib\site-packages\tabpfn\scripts\transformer_prediction_interface.py:530: FutureWarning: `torch.cuda.amp.autocast(args...)` is deprecated. Please use `torch.amp.autocast('cuda', args...)` instead.
  with torch.cuda.amp.autocast(enabled=fp16_inference):
C:\Users\iamsa\Documents\ISAB-r\.venv\Lib\site-packages\torch\_dynamo\eval_frame.py:632: UserWarning: torch.utils.checkpoint: the use_reentrant parameter should be passed explicitly. In version 2.5 we will raise an exception if use_reentrant is not passed. use_reentrant=False is recommended, but if you need to preserve the current default behavior, you can pass use_reentrant=True. Refer to docs for more details on the differences between the two variants.
  return fn(*args, **kwargs)
C:\Users\iamsa\Documents\ISAB-r\.venv\Lib\site-packages\tabpfn\scripts\transformer_prediction_interface.py:530: FutureWarning: `torch.cuda.amp.autocast(args...)` is deprecated. Please use `torch.amp.autocast('cuda', args...)` instead.
  with torch.cuda.amp.autocast(enabled=fp16_inference):
C:\Users\iamsa\Documents\ISAB-r\.venv\Lib\site-packages\torch\_dynamo\eval_frame.py:632: UserWarning: torch.utils.checkpoint: the use_reentrant parameter should be passed explicitly. In version 2.5 we will raise an exception if use_reentrant is not passed. use_reentrant=False is recommended, but if you need to preserve the current default behavior, you can pass use_reentrant=True. Refer to docs for more details on the differences between the two variants.
  return fn(*args, **kwargs)
C:\Users\iamsa\Documents\ISAB-r\.venv\Lib\site-packages\tabpfn\scripts\transformer_prediction_interface.py:530: FutureWarning: `torch.cuda.amp.autocast(args...)` is deprecated. Please use `torch.amp.autocast('cuda', args...)` instead.
  with torch.cuda.amp.autocast(enabled=fp16_inference):
C:\Users\iamsa\Documents\ISAB-r\.venv\Lib\site-packages\torch\_dynamo\eval_frame.py:632: UserWarning: torch.utils.checkpoint: the use_reentrant parameter should be passed explicitly. In version 2.5 we will raise an exception if use_reentrant is not passed. use_reentrant=False is recommended, but if you need to preserve the current default behavior, you can pass use_reentrant=True. Refer to docs for more details on the differences between the two variants.
  return fn(*args, **kwargs)
C:\Users\iamsa\Documents\ISAB-r\.venv\Lib\site-packages\tabpfn\scripts\transformer_prediction_interface.py:530: FutureWarning: `torch.cuda.amp.autocast(args...)` is deprecated. Please use `torch.amp.autocast('cuda', args...)` instead.
  with torch.cuda.amp.autocast(enabled=fp16_inference):
C:\Users\iamsa\Documents\ISAB-r\.venv\Lib\site-packages\torch\_dynamo\eval_frame.py:632: UserWarning: torch.utils.checkpoint: the use_reentrant parameter should be passed explicitly. In version 2.5 we will raise an exception if use_reentrant is not passed. use_reentrant=False is recommended, but if you need to preserve the current default behavior, you can pass use_reentrant=True. Refer to docs for more details on the differences between the two variants.
  return fn(*args, **kwargs)
C:\Users\iamsa\Documents\ISAB-r\.venv\Lib\site-packages\tabpfn\scripts\transformer_prediction_interface.py:530: FutureWarning: `torch.cuda.amp.autocast(args...)` is deprecated. Please use `torch.amp.autocast('cuda', args...)` instead.
  with torch.cuda.amp.autocast(enabled=fp16_inference):
C:\Users\iamsa\Documents\ISAB-r\.venv\Lib\site-packages\torch\_dynamo\eval_frame.py:632: UserWarning: torch.utils.checkpoint: the use_reentrant parameter should be passed explicitly. In version 2.5 we will raise an exception if use_reentrant is not passed. use_reentrant=False is recommended, but if you need to preserve the current default behavior, you can pass use_reentrant=True. Refer to docs for more details on the differences between the two variants.
  return fn(*args, **kwargs)
C:\Users\iamsa\Documents\ISAB-r\.venv\Lib\site-packages\tabpfn\scripts\transformer_prediction_interface.py:530: FutureWarning: `torch.cuda.amp.autocast(args...)` is deprecated. Please use `torch.amp.autocast('cuda', args...)` instead.
  with torch.cuda.amp.autocast(enabled=fp16_inference):
C:\Users\iamsa\Documents\ISAB-r\.venv\Lib\site-packages\torch\_dynamo\eval_frame.py:632: UserWarning: torch.utils.checkpoint: the use_reentrant parameter should be passed explicitly. In version 2.5 we will raise an exception if use_reentrant is not passed. use_reentrant=False is recommended, but if you need to preserve the current default behavior, you can pass use_reentrant=True. Refer to docs for more details on the differences between the two variants.
  return fn(*args, **kwargs)
C:\Users\iamsa\Documents\ISAB-r\.venv\Lib\site-packages\tabpfn\scripts\transformer_prediction_interface.py:530: FutureWarning: `torch.cuda.amp.autocast(args...)` is deprecated. Please use `torch.amp.autocast('cuda', args...)` instead.
  with torch.cuda.amp.autocast(enabled=fp16_inference):
C:\Users\iamsa\Documents\ISAB-r\.venv\Lib\site-packages\torch\_dynamo\eval_frame.py:632: UserWarning: torch.utils.checkpoint: the use_reentrant parameter should be passed explicitly. In version 2.5 we will raise an exception if use_reentrant is not passed. use_reentrant=False is recommended, but if you need to preserve the current default behavior, you can pass use_reentrant=True. Refer to docs for more details on the differences between the two variants.
  return fn(*args, **kwargs)
jm1 1 N 3000 det 0.0 exact-vs-vanilla maxdiff [2.086162567138672e-06]
C:\Users\iamsa\Documents\ISAB-r\.venv\Lib\site-packages\tabpfn\scripts\transformer_prediction_interface.py:530: FutureWarning: `torch.cuda.amp.autocast(args...)` is deprecated. Please use `torch.amp.autocast('cuda', args...)` instead.
  with torch.cuda.amp.autocast(enabled=fp16_inference):
C:\Users\iamsa\Documents\ISAB-r\.venv\Lib\site-packages\torch\_dynamo\eval_frame.py:632: UserWarning: torch.utils.checkpoint: the use_reentrant parameter should be passed explicitly. In version 2.5 we will raise an exception if use_reentrant is not passed. use_reentrant=False is recommended, but if you need to preserve the current default behavior, you can pass use_reentrant=True. Refer to docs for more details on the differences between the two variants.
  return fn(*args, **kwargs)
C:\Users\iamsa\Documents\ISAB-r\.venv\Lib\site-packages\tabpfn\scripts\transformer_prediction_interface.py:530: FutureWarning: `torch.cuda.amp.autocast(args...)` is deprecated. Please use `torch.amp.autocast('cuda', args...)` instead.
  with torch.cuda.amp.autocast(enabled=fp16_inference):
C:\Users\iamsa\Documents\ISAB-r\.venv\Lib\site-packages\torch\_dynamo\eval_frame.py:632: UserWarning: torch.utils.checkpoint: the use_reentrant parameter should be passed explicitly. In version 2.5 we will raise an exception if use_reentrant is not passed. use_reentrant=False is recommended, but if you need to preserve the current default behavior, you can pass use_reentrant=True. Refer to docs for more details on the differences between the two variants.
  return fn(*args, **kwargs)
C:\Users\iamsa\Documents\ISAB-r\.venv\Lib\site-packages\tabpfn\scripts\transformer_prediction_interface.py:530: FutureWarning: `torch.cuda.amp.autocast(args...)` is deprecated. Please use `torch.amp.autocast('cuda', args...)` instead.
  with torch.cuda.amp.autocast(enabled=fp16_inference):
C:\Users\iamsa\Documents\ISAB-r\.venv\Lib\site-packages\torch\_dynamo\eval_frame.py:632: UserWarning: torch.utils.checkpoint: the use_reentrant parameter should be passed explicitly. In version 2.5 we will raise an exception if use_reentrant is not passed. use_reentrant=False is recommended, but if you need to preserve the current default behavior, you can pass use_reentrant=True. Refer to docs for more details on the differences between the two variants.
  return fn(*args, **kwargs)
C:\Users\iamsa\Documents\ISAB-r\.venv\Lib\site-packages\tabpfn\scripts\transformer_prediction_interface.py:530: FutureWarning: `torch.cuda.amp.autocast(args...)` is deprecated. Please use `torch.amp.autocast('cuda', args...)` instead.
  with torch.cuda.amp.autocast(enabled=fp16_inference):
C:\Users\iamsa\Documents\ISAB-r\.venv\Lib\site-packages\torch\_dynamo\eval_frame.py:632: UserWarning: torch.utils.checkpoint: the use_reentrant parameter should be passed explicitly. In version 2.5 we will raise an exception if use_reentrant is not passed. use_reentrant=False is recommended, but if you need to preserve the current default behavior, you can pass use_reentrant=True. Refer to docs for more details on the differences between the two variants.
  return fn(*args, **kwargs)
C:\Users\iamsa\Documents\ISAB-r\.venv\Lib\site-packages\tabpfn\scripts\transformer_prediction_interface.py:530: FutureWarning: `torch.cuda.amp.autocast(args...)` is deprecated. Please use `torch.amp.autocast('cuda', args...)` instead.
  with torch.cuda.amp.autocast(enabled=fp16_inference):
C:\Users\iamsa\Documents\ISAB-r\.venv\Lib\site-packages\torch\_dynamo\eval_frame.py:632: UserWarning: torch.utils.checkpoint: the use_reentrant parameter should be passed explicitly. In version 2.5 we will raise an exception if use_reentrant is not passed. use_reentrant=False is recommended, but if you need to preserve the current default behavior, you can pass use_reentrant=True. Refer to docs for more details on the differences between the two variants.
  return fn(*args, **kwargs)
C:\Users\iamsa\Documents\ISAB-r\.venv\Lib\site-packages\tabpfn\scripts\transformer_prediction_interface.py:530: FutureWarning: `torch.cuda.amp.autocast(args...)` is deprecated. Please use `torch.amp.autocast('cuda', args...)` instead.
  with torch.cuda.amp.autocast(enabled=fp16_inference):
C:\Users\iamsa\Documents\ISAB-r\.venv\Lib\site-packages\torch\_dynamo\eval_frame.py:632: UserWarning: torch.utils.checkpoint: the use_reentrant parameter should be passed explicitly. In version 2.5 we will raise an exception if use_reentrant is not passed. use_reentrant=False is recommended, but if you need to preserve the current default behavior, you can pass use_reentrant=True. Refer to docs for more details on the differences between the two variants.
  return fn(*args, **kwargs)
C:\Users\iamsa\Documents\ISAB-r\.venv\Lib\site-packages\tabpfn\scripts\transformer_prediction_interface.py:530: FutureWarning: `torch.cuda.amp.autocast(args...)` is deprecated. Please use `torch.amp.autocast('cuda', args...)` instead.
  with torch.cuda.amp.autocast(enabled=fp16_inference):
C:\Users\iamsa\Documents\ISAB-r\.venv\Lib\site-packages\torch\_dynamo\eval_frame.py:632: UserWarning: torch.utils.checkpoint: the use_reentrant parameter should be passed explicitly. In version 2.5 we will raise an exception if use_reentrant is not passed. use_reentrant=False is recommended, but if you need to preserve the current default behavior, you can pass use_reentrant=True. Refer to docs for more details on the differences between the two variants.
  return fn(*args, **kwargs)
C:\Users\iamsa\Documents\ISAB-r\.venv\Lib\site-packages\tabpfn\scripts\transformer_prediction_interface.py:530: FutureWarning: `torch.cuda.amp.autocast(args...)` is deprecated. Please use `torch.amp.autocast('cuda', args...)` instead.
  with torch.cuda.amp.autocast(enabled=fp16_inference):
C:\Users\iamsa\Documents\ISAB-r\.venv\Lib\site-packages\torch\_dynamo\eval_frame.py:632: UserWarning: torch.utils.checkpoint: the use_reentrant parameter should be passed explicitly. In version 2.5 we will raise an exception if use_reentrant is not passed. use_reentrant=False is recommended, but if you need to preserve the current default behavior, you can pass use_reentrant=True. Refer to docs for more details on the differences between the two variants.
  return fn(*args, **kwargs)
C:\Users\iamsa\Documents\ISAB-r\.venv\Lib\site-packages\tabpfn\scripts\transformer_prediction_interface.py:530: FutureWarning: `torch.cuda.amp.autocast(args...)` is deprecated. Please use `torch.amp.autocast('cuda', args...)` instead.
  with torch.cuda.amp.autocast(enabled=fp16_inference):
C:\Users\iamsa\Documents\ISAB-r\.venv\Lib\site-packages\torch\_dynamo\eval_frame.py:632: UserWarning: torch.utils.checkpoint: the use_reentrant parameter should be passed explicitly. In version 2.5 we will raise an exception if use_reentrant is not passed. use_reentrant=False is recommended, but if you need to preserve the current default behavior, you can pass use_reentrant=True. Refer to docs for more details on the differences between the two variants.
  return fn(*args, **kwargs)
C:\Users\iamsa\Documents\ISAB-r\.venv\Lib\site-packages\tabpfn\scripts\transformer_prediction_interface.py:530: FutureWarning: `torch.cuda.amp.autocast(args...)` is deprecated. Please use `torch.amp.autocast('cuda', args...)` instead.
  with torch.cuda.amp.autocast(enabled=fp16_inference):
C:\Users\iamsa\Documents\ISAB-r\.venv\Lib\site-packages\torch\_dynamo\eval_frame.py:632: UserWarning: torch.utils.checkpoint: the use_reentrant parameter should be passed explicitly. In version 2.5 we will raise an exception if use_reentrant is not passed. use_reentrant=False is recommended, but if you need to preserve the current default behavior, you can pass use_reentrant=True. Refer to docs for more details on the differences between the two variants.
  return fn(*args, **kwargs)
C:\Users\iamsa\Documents\ISAB-r\.venv\Lib\site-packages\tabpfn\scripts\transformer_prediction_interface.py:530: FutureWarning: `torch.cuda.amp.autocast(args...)` is deprecated. Please use `torch.amp.autocast('cuda', args...)` instead.
  with torch.cuda.amp.autocast(enabled=fp16_inference):
C:\Users\iamsa\Documents\ISAB-r\.venv\Lib\site-packages\torch\_dynamo\eval_frame.py:632: UserWarning: torch.utils.checkpoint: the use_reentrant parameter should be passed explicitly. In version 2.5 we will raise an exception if use_reentrant is not passed. use_reentrant=False is recommended, but if you need to preserve the current default behavior, you can pass use_reentrant=True. Refer to docs for more details on the differences between the two variants.
  return fn(*args, **kwargs)
C:\Users\iamsa\Documents\ISAB-r\.venv\Lib\site-packages\tabpfn\scripts\transformer_prediction_interface.py:530: FutureWarning: `torch.cuda.amp.autocast(args...)` is deprecated. Please use `torch.amp.autocast('cuda', args...)` instead.
  with torch.cuda.amp.autocast(enabled=fp16_inference):
C:\Users\iamsa\Documents\ISAB-r\.venv\Lib\site-packages\torch\_dynamo\eval_frame.py:632: UserWarning: torch.utils.checkpoint: the use_reentrant parameter should be passed explicitly. In version 2.5 we will raise an exception if use_reentrant is not passed. use_reentrant=False is recommended, but if you need to preserve the current default behavior, you can pass use_reentrant=True. Refer to docs for more details on the differences between the two variants.
  return fn(*args, **kwargs)
C:\Users\iamsa\Documents\ISAB-r\.venv\Lib\site-packages\tabpfn\scripts\transformer_prediction_interface.py:530: FutureWarning: `torch.cuda.amp.autocast(args...)` is deprecated. Please use `torch.amp.autocast('cuda', args...)` instead.
  with torch.cuda.amp.autocast(enabled=fp16_inference):
C:\Users\iamsa\Documents\ISAB-r\.venv\Lib\site-packages\torch\_dynamo\eval_frame.py:632: UserWarning: torch.utils.checkpoint: the use_reentrant parameter should be passed explicitly. In version 2.5 we will raise an exception if use_reentrant is not passed. use_reentrant=False is recommended, but if you need to preserve the current default behavior, you can pass use_reentrant=True. Refer to docs for more details on the differences between the two variants.
  return fn(*args, **kwargs)
kr-vs-kp 0 N 2696 det 0.0 exact-vs-vanilla maxdiff [8.463859558105469e-06]
C:\Users\iamsa\Documents\ISAB-r\.venv\Lib\site-packages\tabpfn\scripts\transformer_prediction_interface.py:530: FutureWarning: `torch.cuda.amp.autocast(args...)` is deprecated. Please use `torch.amp.autocast('cuda', args...)` instead.
  with torch.cuda.amp.autocast(enabled=fp16_inference):
C:\Users\iamsa\Documents\ISAB-r\.venv\Lib\site-packages\torch\_dynamo\eval_frame.py:632: UserWarning: torch.utils.checkpoint: the use_reentrant parameter should be passed explicitly. In version 2.5 we will raise an exception if use_reentrant is not passed. use_reentrant=False is recommended, but if you need to preserve the current default behavior, you can pass use_reentrant=True. Refer to docs for more details on the differences between the two variants.
  return fn(*args, **kwargs)
C:\Users\iamsa\Documents\ISAB-r\.venv\Lib\site-packages\tabpfn\scripts\transformer_prediction_interface.py:530: FutureWarning: `torch.cuda.amp.autocast(args...)` is deprecated. Please use `torch.amp.autocast('cuda', args...)` instead.
  with torch.cuda.amp.autocast(enabled=fp16_inference):
C:\Users\iamsa\Documents\ISAB-r\.venv\Lib\site-packages\torch\_dynamo\eval_frame.py:632: UserWarning: torch.utils.checkpoint: the use_reentrant parameter should be passed explicitly. In version 2.5 we will raise an exception if use_reentrant is not passed. use_reentrant=False is recommended, but if you need to preserve the current default behavior, you can pass use_reentrant=True. Refer to docs for more details on the differences between the two variants.
  return fn(*args, **kwargs)
C:\Users\iamsa\Documents\ISAB-r\.venv\Lib\site-packages\tabpfn\scripts\transformer_prediction_interface.py:530: FutureWarning: `torch.cuda.amp.autocast(args...)` is deprecated. Please use `torch.amp.autocast('cuda', args...)` instead.
  with torch.cuda.amp.autocast(enabled=fp16_inference):
C:\Users\iamsa\Documents\ISAB-r\.venv\Lib\site-packages\torch\_dynamo\eval_frame.py:632: UserWarning: torch.utils.checkpoint: the use_reentrant parameter should be passed explicitly. In version 2.5 we will raise an exception if use_reentrant is not passed. use_reentrant=False is recommended, but if you need to preserve the current default behavior, you can pass use_reentrant=True. Refer to docs for more details on the differences between the two variants.
  return fn(*args, **kwargs)
C:\Users\iamsa\Documents\ISAB-r\.venv\Lib\site-packages\tabpfn\scripts\transformer_prediction_interface.py:530: FutureWarning: `torch.cuda.amp.autocast(args...)` is deprecated. Please use `torch.amp.autocast('cuda', args...)` instead.
  with torch.cuda.amp.autocast(enabled=fp16_inference):
C:\Users\iamsa\Documents\ISAB-r\.venv\Lib\site-packages\torch\_dynamo\eval_frame.py:632: UserWarning: torch.utils.checkpoint: the use_reentrant parameter should be passed explicitly. In version 2.5 we will raise an exception if use_reentrant is not passed. use_reentrant=False is recommended, but if you need to preserve the current default behavior, you can pass use_reentrant=True. Refer to docs for more details on the differences between the two variants.
  return fn(*args, **kwargs)
C:\Users\iamsa\Documents\ISAB-r\.venv\Lib\site-packages\tabpfn\scripts\transformer_prediction_interface.py:530: FutureWarning: `torch.cuda.amp.autocast(args...)` is deprecated. Please use `torch.amp.autocast('cuda', args...)` instead.
  with torch.cuda.amp.autocast(enabled=fp16_inference):
C:\Users\iamsa\Documents\ISAB-r\.venv\Lib\site-packages\torch\_dynamo\eval_frame.py:632: UserWarning: torch.utils.checkpoint: the use_reentrant parameter should be passed explicitly. In version 2.5 we will raise an exception if use_reentrant is not passed. use_reentrant=False is recommended, but if you need to preserve the current default behavior, you can pass use_reentrant=True. Refer to docs for more details on the differences between the two variants.
  return fn(*args, **kwargs)
C:\Users\iamsa\Documents\ISAB-r\.venv\Lib\site-packages\tabpfn\scripts\transformer_prediction_interface.py:530: FutureWarning: `torch.cuda.amp.autocast(args...)` is deprecated. Please use `torch.amp.autocast('cuda', args...)` instead.
  with torch.cuda.amp.autocast(enabled=fp16_inference):
C:\Users\iamsa\Documents\ISAB-r\.venv\Lib\site-packages\torch\_dynamo\eval_frame.py:632: UserWarning: torch.utils.checkpoint: the use_reentrant parameter should be passed explicitly. In version 2.5 we will raise an exception if use_reentrant is not passed. use_reentrant=False is recommended, but if you need to preserve the current default behavior, you can pass use_reentrant=True. Refer to docs for more details on the differences between the two variants.
  return fn(*args, **kwargs)
C:\Users\iamsa\Documents\ISAB-r\.venv\Lib\site-packages\tabpfn\scripts\transformer_prediction_interface.py:530: FutureWarning: `torch.cuda.amp.autocast(args...)` is deprecated. Please use `torch.amp.autocast('cuda', args...)` instead.
  with torch.cuda.amp.autocast(enabled=fp16_inference):
C:\Users\iamsa\Documents\ISAB-r\.venv\Lib\site-packages\torch\_dynamo\eval_frame.py:632: UserWarning: torch.utils.checkpoint: the use_reentrant parameter should be passed explicitly. In version 2.5 we will raise an exception if use_reentrant is not passed. use_reentrant=False is recommended, but if you need to preserve the current default behavior, you can pass use_reentrant=True. Refer to docs for more details on the differences between the two variants.
  return fn(*args, **kwargs)
C:\Users\iamsa\Documents\ISAB-r\.venv\Lib\site-packages\tabpfn\scripts\transformer_prediction_interface.py:530: FutureWarning: `torch.cuda.amp.autocast(args...)` is deprecated. Please use `torch.amp.autocast('cuda', args...)` instead.
  with torch.cuda.amp.autocast(enabled=fp16_inference):
C:\Users\iamsa\Documents\ISAB-r\.venv\Lib\site-packages\torch\_dynamo\eval_frame.py:632: UserWarning: torch.utils.checkpoint: the use_reentrant parameter should be passed explicitly. In version 2.5 we will raise an exception if use_reentrant is not passed. use_reentrant=False is recommended, but if you need to preserve the current default behavior, you can pass use_reentrant=True. Refer to docs for more details on the differences between the two variants.
  return fn(*args, **kwargs)
C:\Users\iamsa\Documents\ISAB-r\.venv\Lib\site-packages\tabpfn\scripts\transformer_prediction_interface.py:530: FutureWarning: `torch.cuda.amp.autocast(args...)` is deprecated. Please use `torch.amp.autocast('cuda', args...)` instead.
  with torch.cuda.amp.autocast(enabled=fp16_inference):
C:\Users\iamsa\Documents\ISAB-r\.venv\Lib\site-packages\torch\_dynamo\eval_frame.py:632: UserWarning: torch.utils.checkpoint: the use_reentrant parameter should be passed explicitly. In version 2.5 we will raise an exception if use_reentrant is not passed. use_reentrant=False is recommended, but if you need to preserve the current default behavior, you can pass use_reentrant=True. Refer to docs for more details on the differences between the two variants.
  return fn(*args, **kwargs)
C:\Users\iamsa\Documents\ISAB-r\.venv\Lib\site-packages\tabpfn\scripts\transformer_prediction_interface.py:530: FutureWarning: `torch.cuda.amp.autocast(args...)` is deprecated. Please use `torch.amp.autocast('cuda', args...)` instead.
  with torch.cuda.amp.autocast(enabled=fp16_inference):
C:\Users\iamsa\Documents\ISAB-r\.venv\Lib\site-packages\torch\_dynamo\eval_frame.py:632: UserWarning: torch.utils.checkpoint: the use_reentrant parameter should be passed explicitly. In version 2.5 we will raise an exception if use_reentrant is not passed. use_reentrant=False is recommended, but if you need to preserve the current default behavior, you can pass use_reentrant=True. Refer to docs for more details on the differences between the two variants.
  return fn(*args, **kwargs)
C:\Users\iamsa\Documents\ISAB-r\.venv\Lib\site-packages\tabpfn\scripts\transformer_prediction_interface.py:530: FutureWarning: `torch.cuda.amp.autocast(args...)` is deprecated. Please use `torch.amp.autocast('cuda', args...)` instead.
  with torch.cuda.amp.autocast(enabled=fp16_inference):
C:\Users\iamsa\Documents\ISAB-r\.venv\Lib\site-packages\torch\_dynamo\eval_frame.py:632: UserWarning: torch.utils.checkpoint: the use_reentrant parameter should be passed explicitly. In version 2.5 we will raise an exception if use_reentrant is not passed. use_reentrant=False is recommended, but if you need to preserve the current default behavior, you can pass use_reentrant=True. Refer to docs for more details on the differences between the two variants.
  return fn(*args, **kwargs)
C:\Users\iamsa\Documents\ISAB-r\.venv\Lib\site-packages\tabpfn\scripts\transformer_prediction_interface.py:530: FutureWarning: `torch.cuda.amp.autocast(args...)` is deprecated. Please use `torch.amp.autocast('cuda', args...)` instead.
  with torch.cuda.amp.autocast(enabled=fp16_inference):
C:\Users\iamsa\Documents\ISAB-r\.venv\Lib\site-packages\torch\_dynamo\eval_frame.py:632: UserWarning: torch.utils.checkpoint: the use_reentrant parameter should be passed explicitly. In version 2.5 we will raise an exception if use_reentrant is not passed. use_reentrant=False is recommended, but if you need to preserve the current default behavior, you can pass use_reentrant=True. Refer to docs for more details on the differences between the two variants.
  return fn(*args, **kwargs)
C:\Users\iamsa\Documents\ISAB-r\.venv\Lib\site-packages\tabpfn\scripts\transformer_prediction_interface.py:530: FutureWarning: `torch.cuda.amp.autocast(args...)` is deprecated. Please use `torch.amp.autocast('cuda', args...)` instead.
  with torch.cuda.amp.autocast(enabled=fp16_inference):
C:\Users\iamsa\Documents\ISAB-r\.venv\Lib\site-packages\torch\_dynamo\eval_frame.py:632: UserWarning: torch.utils.checkpoint: the use_reentrant parameter should be passed explicitly. In version 2.5 we will raise an exception if use_reentrant is not passed. use_reentrant=False is recommended, but if you need to preserve the current default behavior, you can pass use_reentrant=True. Refer to docs for more details on the differences between the two variants.
  return fn(*args, **kwargs)
kr-vs-kp 1 N 2696 det 0.0 exact-vs-vanilla maxdiff [1.627206802368164e-05]
done 240 rows
